#-----------------------------------------------------------
# Vivado v2021.2 (64-bit)
# SW Build 3367213 on Tue Oct 19 02:47:39 MDT 2021
# IP Build 3369179 on Thu Oct 21 08:25:16 MDT 2021
# Start of session at: Fri Apr  8 08:18:13 2022
# Process ID: 43251
# Current directory: /users/course/2022S/HLS17000000/g110064521/HLS_C/Vitis_Libraries/codec/L2/demos/jpegDec
# Command line: vivado
# Log file: /users/course/2022S/HLS17000000/g110064521/HLS_C/Vitis_Libraries/codec/L2/demos/jpegDec/vivado.log
# Journal file: /users/course/2022S/HLS17000000/g110064521/HLS_C/Vitis_Libraries/codec/L2/demos/jpegDec/vivado.jou
# Running On: ic22, OS: Linux, CPU Frequency: 2794.728 MHz, CPU Physical cores: 32, Host memory: 202309 MB
#-----------------------------------------------------------
start_gui
ls
open_wave_database ./opencl_trace.wdb
open_wave_config /users/course/2022S/HLS17000000/g110064521/HLS_C/Vitis_Libraries/codec/L2/demos/jpegDec/opencl_trace.wcfg
open_wave_config opencl.wcfg
open_wave_config opencl_trace.wcfg
